// Jest Snapshot v1, https://goo.gl/fbAQLP

exports[`renders a table Table snapshot 1`] = `
Object {
  "asFragment": [Function],
  "baseElement": <body>
    <div>
      <table
        class="tableInfo"
        role="table"
      >
        <thead>
          <tr
            role="row"
          >
            <th
              colspan="1"
              role="columnheader"
              style="cursor: pointer;"
              title="Toggle SortBy"
            >
              Name
            </th>
            <th
              colspan="1"
              role="columnheader"
              style="cursor: pointer;"
              title="Toggle SortBy"
            >
              Job title
            </th>
            <th
              colspan="1"
              role="columnheader"
              style="cursor: pointer;"
              title="Toggle SortBy"
            >
              Tenure
            </th>
            <th
              colspan="1"
              role="columnheader"
              style="cursor: pointer;"
              title="Toggle SortBy"
            >
              Gender
            </th>
          </tr>
        </thead>
        <tbody
          role="rowgroup"
        >
          <tr
            role="row"
          >
            <td
              role="cell"
            >
              Kelly Turner
            </td>
            <td
              role="cell"
            >
              QA
            </td>
            <td
              role="cell"
            >
              8
            </td>
            <td
              role="cell"
            >
              Female
            </td>
          </tr>
          <tr
            role="row"
          >
            <td
              role="cell"
            >
              Jesse Karl
            </td>
            <td
              role="cell"
            >
              Developer
            </td>
            <td
              role="cell"
            >
              3
            </td>
            <td
              role="cell"
            >
              Male
            </td>
          </tr>
        </tbody>
      </table>
    </div>
  </body>,
  "container": <div>
    <table
      class="tableInfo"
      role="table"
    >
      <thead>
        <tr
          role="row"
        >
          <th
            colspan="1"
            role="columnheader"
            style="cursor: pointer;"
            title="Toggle SortBy"
          >
            Name
          </th>
          <th
            colspan="1"
            role="columnheader"
            style="cursor: pointer;"
            title="Toggle SortBy"
          >
            Job title
          </th>
          <th
            colspan="1"
            role="columnheader"
            style="cursor: pointer;"
            title="Toggle SortBy"
          >
            Tenure
          </th>
          <th
            colspan="1"
            role="columnheader"
            style="cursor: pointer;"
            title="Toggle SortBy"
          >
            Gender
          </th>
        </tr>
      </thead>
      <tbody
        role="rowgroup"
      >
        <tr
          role="row"
        >
          <td
            role="cell"
          >
            Kelly Turner
          </td>
          <td
            role="cell"
          >
            QA
          </td>
          <td
            role="cell"
          >
            8
          </td>
          <td
            role="cell"
          >
            Female
          </td>
        </tr>
        <tr
          role="row"
        >
          <td
            role="cell"
          >
            Jesse Karl
          </td>
          <td
            role="cell"
          >
            Developer
          </td>
          <td
            role="cell"
          >
            3
          </td>
          <td
            role="cell"
          >
            Male
          </td>
        </tr>
      </tbody>
    </table>
  </div>,
  "debug": [Function],
  "findAllByAltText": [Function],
  "findAllByDisplayValue": [Function],
  "findAllByLabelText": [Function],
  "findAllByPlaceholderText": [Function],
  "findAllByRole": [Function],
  "findAllByTestId": [Function],
  "findAllByText": [Function],
  "findAllByTitle": [Function],
  "findByAltText": [Function],
  "findByDisplayValue": [Function],
  "findByLabelText": [Function],
  "findByPlaceholderText": [Function],
  "findByRole": [Function],
  "findByTestId": [Function],
  "findByText": [Function],
  "findByTitle": [Function],
  "getAllByAltText": [Function],
  "getAllByDisplayValue": [Function],
  "getAllByLabelText": [Function],
  "getAllByPlaceholderText": [Function],
  "getAllByRole": [Function],
  "getAllByTestId": [Function],
  "getAllByText": [Function],
  "getAllByTitle": [Function],
  "getByAltText": [Function],
  "getByDisplayValue": [Function],
  "getByLabelText": [Function],
  "getByPlaceholderText": [Function],
  "getByRole": [Function],
  "getByTestId": [Function],
  "getByText": [Function],
  "getByTitle": [Function],
  "queryAllByAltText": [Function],
  "queryAllByDisplayValue": [Function],
  "queryAllByLabelText": [Function],
  "queryAllByPlaceholderText": [Function],
  "queryAllByRole": [Function],
  "queryAllByTestId": [Function],
  "queryAllByText": [Function],
  "queryAllByTitle": [Function],
  "queryByAltText": [Function],
  "queryByDisplayValue": [Function],
  "queryByLabelText": [Function],
  "queryByPlaceholderText": [Function],
  "queryByRole": [Function],
  "queryByTestId": [Function],
  "queryByText": [Function],
  "queryByTitle": [Function],
  "rerender": [Function],
  "unmount": [Function],
}
`;
